ARM Linker, 5.03 [Build 76] [MDK-ARM Standard]

==============================================================================

Section Cross References

    startup_stm32f10x_md.o(RESET) refers to startup_stm32f10x_md.o(STACK) for __initial_sp
    startup_stm32f10x_md.o(RESET) refers to startup_stm32f10x_md.o(.text) for Reset_Handler
    startup_stm32f10x_md.o(RESET) refers to stm32f10x_it.o(.text) for NMI_Handler
    startup_stm32f10x_md.o(RESET) refers to main.o(.text) for SysTick_Handler
    startup_stm32f10x_md.o(RESET) refers to modbus.o(.text) for USART1_IRQHandler
    startup_stm32f10x_md.o(.text) refers to system_stm32f10x.o(.text) for SystemInit
    startup_stm32f10x_md.o(.text) refers to entry.o(.ARM.Collect$$$$00000000) for __main
    stm32f10x_adc.o(.text) refers to stm32f10x_rcc.o(.text) for RCC_APB2PeriphResetCmd
    stm32f10x_bkp.o(.text) refers to stm32f10x_rcc.o(.text) for RCC_BackupResetCmd
    stm32f10x_can.o(.text) refers to stm32f10x_rcc.o(.text) for RCC_APB1PeriphResetCmd
    stm32f10x_cec.o(.text) refers to stm32f10x_rcc.o(.text) for RCC_APB1PeriphResetCmd
    stm32f10x_dac.o(.text) refers to stm32f10x_rcc.o(.text) for RCC_APB1PeriphResetCmd
    stm32f10x_gpio.o(.text) refers to stm32f10x_rcc.o(.text) for RCC_APB2PeriphResetCmd
    stm32f10x_i2c.o(.text) refers to stm32f10x_rcc.o(.text) for RCC_APB1PeriphResetCmd
    stm32f10x_pwr.o(.text) refers to stm32f10x_rcc.o(.text) for RCC_APB1PeriphResetCmd
    stm32f10x_rcc.o(.text) refers to stm32f10x_rcc.o(.data) for APBAHBPrescTable
    stm32f10x_spi.o(.text) refers to stm32f10x_rcc.o(.text) for RCC_APB2PeriphResetCmd
    stm32f10x_tim.o(.text) refers to stm32f10x_rcc.o(.text) for RCC_APB2PeriphResetCmd
    stm32f10x_usart.o(.text) refers to stm32f10x_rcc.o(.text) for RCC_APB2PeriphResetCmd
    stm32f10x_wwdg.o(.text) refers to stm32f10x_rcc.o(.text) for RCC_APB1PeriphResetCmd
    main.o(.text) refers to display.o(.text) for display_init
    main.o(.text) refers to measure.o(.text) for measure_init
    main.o(.text) refers to configs.o(.text) for load_configs
    main.o(.text) refers to openio.o(.text) for openio_init
    main.o(.text) refers to system_stm32f10x.o(.data) for SystemCoreClock
    main.o(.text) refers to main.o(.data) for time
    main.o(.text) refers to modbus.o(.data) for modbus_timer
    system_stm32f10x.o(.text) refers to system_stm32f10x.o(.data) for SystemCoreClock
    configs.o(.text) refers to stm32f10x_flash.o(.text) for FLASH_Unlock
    configs.o(.text) refers to modbus.o(.text) for modbus_init
    configs.o(.text) refers to configs.o(.data) for voltage_factor
    configs.o(.text) refers to configs.o(.bss) for regs
    configs.o(.text) refers to configs.o(.constdata) for BAUD_TAB
    configs.o(.text) refers to fflti.o(.text) for __aeabi_i2f
    configs.o(.text) refers to fmul.o(.text) for __aeabi_fmul
    configs.o(.text) refers to fdiv.o(.text) for __aeabi_fdiv
    configs.o(.text) refers to f2d.o(.text) for __aeabi_f2d
    configs.o(.text) refers to cdrcmple.o(.text) for __aeabi_cdrcmple
    configs.o(.text) refers to dflti.o(.text) for __aeabi_i2d
    configs.o(.text) refers to dmul.o(.text) for __aeabi_dmul
    configs.o(.text) refers to dadd.o(.text) for __aeabi_dadd
    configs.o(.text) refers to ddiv.o(.text) for __aeabi_ddiv
    configs.o(.text) refers to d2f.o(.text) for __aeabi_d2f
    measure.o(.text) refers to adc.o(.text) for ADC_Config
    measure.o(.text) refers to memcpya.o(.text) for __aeabi_memcpy
    measure.o(.text) refers to ffltul.o(.text) for __aeabi_ul2f
    measure.o(.text) refers to fdiv.o(.text) for __aeabi_fdiv
    measure.o(.text) refers to f2d.o(.text) for __aeabi_f2d
    measure.o(.text) refers to sqrt.o(i.sqrt) for sqrt
    measure.o(.text) refers to dmul.o(.text) for __aeabi_dmul
    measure.o(.text) refers to ddiv.o(.text) for __aeabi_ddiv
    measure.o(.text) refers to d2f.o(.text) for __aeabi_d2f
    measure.o(.text) refers to my_math.o(.text) for phasor_add
    measure.o(.text) refers to fmul.o(.text) for __aeabi_fmul
    measure.o(.text) refers to cdrcmple.o(.text) for __aeabi_cdrcmple
    measure.o(.text) refers to configs.o(.text) for voltage_calibration
    measure.o(.text) refers to cfrcmple.o(.text) for __aeabi_cfrcmple
    measure.o(.text) refers to measure.o(.bss) for current_adc
    measure.o(.text) refers to adc.o(.bss) for ADC_Values
    measure.o(.text) refers to measure.o(.data) for measure_cnt
    measure.o(.text) refers to configs.o(.bss) for measured_volts
    measure.o(.text) refers to configs.o(.data) for volt_conn_type
    measure.o(.text) refers to memseta.o(.text) for __aeabi_memclr4
    display.o(.text) refers to tm1629c.o(.text) for TM1629C_Init
    display.o(.text) refers to memseta.o(.text) for __aeabi_memclr
    display.o(.text) refers to cfcmple.o(.text) for __aeabi_cfcmple
    display.o(.text) refers to cfrcmple.o(.text) for __aeabi_cfrcmple
    display.o(.text) refers to ffixui.o(.text) for __aeabi_f2uiz
[...]
    sin_i_x.o(.constdata) refers (Special) to iusefp.o(.text) for __I$use$fp
    entry2.o(.ARM.Collect$$$$00000001) refers to entry2.o(.ARM.Collect$$$$00002712) for __lit__00000000
    entry2.o(.ARM.Collect$$$$00002712) refers to startup_stm32f10x_md.o(STACK) for __initial_sp
    entry2.o(__vectab_stack_and_reset_area) refers to startup_stm32f10x_md.o(STACK) for __initial_sp
    entry2.o(__vectab_stack_and_reset_area) refers to entry.o(.ARM.Collect$$$$00000000) for __main
    entry5.o(.ARM.Collect$$$$00000004) refers to init.o(.text) for __scatterload
    entry9a.o(.ARM.Collect$$$$0000000B) refers to main.o(.text) for main
    entry9b.o(.ARM.Collect$$$$0000000C) refers to main.o(.text) for main
    errno.o(i.__aeabi_errno_addr) refers to errno.o(.data) for .data
    errno.o(i.__read_errno) refers to errno.o(.data) for .data
    errno.o(i.__set_errno) refers to errno.o(.data) for .data
    depilogue.o(.text) refers to llshl.o(.text) for __aeabi_llsl
    depilogue.o(.text) refers to llushr.o(.text) for __aeabi_llsr
    dsqrt.o(.text) refers to llushr.o(.text) for __aeabi_llsr
    dsqrt.o(.text) refers to depilogue.o(.text) for _double_round
    init.o(.text) refers to entry5.o(.ARM.Collect$$$$00000004) for __main_after_scatterload
    dfltui.o(.text) refers to depilogue.o(.text) for _double_epilogue
    dfixi.o(.text) refers to llushr.o(.text) for __aeabi_llsr


==============================================================================

Removing Unused input sections from the image.

    Removing core_cm3.o(.emb_text), (32 bytes).
    Removing startup_stm32f10x_md.o(HEAP), (3072 bytes).
    Removing misc.o(.rev16_text), (4 bytes).
    Removing misc.o(.revsh_text), (4 bytes).
    Removing stm32f10x_adc.o(.rev16_text), (4 bytes).
    Removing stm32f10x_adc.o(.revsh_text), (4 bytes).
    Removing stm32f10x_bkp.o(.rev16_text), (4 bytes).
    Removing stm32f10x_bkp.o(.revsh_text), (4 bytes).
    Removing stm32f10x_bkp.o(.text), (196 bytes).
    Removing stm32f10x_can.o(.rev16_text), (4 bytes).
    Removing stm32f10x_can.o(.revsh_text), (4 bytes).
    Removing stm32f10x_can.o(.text), (2540 bytes).
    Removing stm32f10x_cec.o(.rev16_text), (4 bytes).
    Removing stm32f10x_cec.o(.revsh_text), (4 bytes).
    Removing stm32f10x_cec.o(.text), (288 bytes).
    Removing stm32f10x_crc.o(.rev16_text), (4 bytes).
    Removing stm32f10x_crc.o(.revsh_text), (4 bytes).
    Removing stm32f10x_crc.o(.text), (72 bytes).
    Removing stm32f10x_dac.o(.rev16_text), (4 bytes).
    Removing stm32f10x_dac.o(.revsh_text), (4 bytes).
    Removing stm32f10x_dac.o(.text), (396 bytes).
    Removing stm32f10x_dbgmcu.o(.rev16_text), (4 bytes).
    Removing stm32f10x_dbgmcu.o(.revsh_text), (4 bytes).
    Removing stm32f10x_dbgmcu.o(.text), (48 bytes).
    Removing stm32f10x_dma.o(.rev16_text), (4 bytes).
    Removing stm32f10x_dma.o(.revsh_text), (4 bytes).
    Removing stm32f10x_exti.o(.rev16_text), (4 bytes).
    Removing stm32f10x_exti.o(.revsh_text), (4 bytes).
    Removing stm32f10x_exti.o(.text), (284 bytes).
    Removing stm32f10x_flash.o(.rev16_text), (4 bytes).
    Removing stm32f10x_flash.o(.revsh_text), (4 bytes).
    Removing stm32f10x_fsmc.o(.rev16_text), (4 bytes).
    Removing stm32f10x_fsmc.o(.revsh_text), (4 bytes).
    Removing stm32f10x_fsmc.o(.text), (1560 bytes).
    Removing stm32f10x_gpio.o(.rev16_text), (4 bytes).
    Removing stm32f10x_gpio.o(.revsh_text), (4 bytes).
    Removing stm32f10x_i2c.o(.rev16_text), (4 bytes).
    Removing stm32f10x_i2c.o(.revsh_text), (4 bytes).
    Removing stm32f10x_i2c.o(.text), (1028 bytes).
    Removing stm32f10x_iwdg.o(.rev16_text), (4 bytes).
    Removing stm32f10x_iwdg.o(.revsh_text), (4 bytes).
    Removing stm32f10x_iwdg.o(.text), (64 bytes).
    Removing stm32f10x_pwr.o(.rev16_text), (4 bytes).
    Removing stm32f10x_pwr.o(.revsh_text), (4 bytes).
    Removing stm32f10x_pwr.o(.text), (204 bytes).
    Removing stm32f10x_rcc.o(.rev16_text), (4 bytes).
    Removing stm32f10x_rcc.o(.revsh_text), (4 bytes).
    Removing stm32f10x_rtc.o(.rev16_text), (4 bytes).
    Removing stm32f10x_rtc.o(.revsh_text), (4 bytes).
    Removing stm32f10x_rtc.o(.text), (324 bytes).
    Removing stm32f10x_sdio.o(.rev16_text), (4 bytes).
    Removing stm32f10x_sdio.o(.revsh_text), (4 bytes).
    Removing stm32f10x_sdio.o(.text), (472 bytes).
    Removing stm32f10x_spi.o(.rev16_text), (4 bytes).
    Removing stm32f10x_spi.o(.revsh_text), (4 bytes).
    Removing stm32f10x_spi.o(.text), (780 bytes).
    Removing stm32f10x_tim.o(.rev16_text), (4 bytes).
    Removing stm32f10x_tim.o(.revsh_text), (4 bytes).
    Removing stm32f10x_tim.o(.text), (3610 bytes).
    Removing stm32f10x_usart.o(.rev16_text), (4 bytes).
    Removing stm32f10x_usart.o(.revsh_text), (4 bytes).
    Removing stm32f10x_wwdg.o(.rev16_text), (4 bytes).
    Removing stm32f10x_wwdg.o(.revsh_text), (4 bytes).
    Removing stm32f10x_wwdg.o(.text), (136 bytes).
    Removing main.o(.rev16_text), (4 bytes).
    Removing main.o(.revsh_text), (4 bytes).
    Removing stm32f10x_it.o(.rev16_text), (4 bytes).
    Removing stm32f10x_it.o(.revsh_text), (4 bytes).
    Removing system_stm32f10x.o(.rev16_text), (4 bytes).
    Removing system_stm32f10x.o(.revsh_text), (4 bytes).
    Removing configs.o(.rev16_text), (4 bytes).
    Removing configs.o(.revsh_text), (4 bytes).
    Removing measure.o(.rev16_text), (4 bytes).
    Removing measure.o(.revsh_text), (4 bytes).
    Removing measure.o(.constdata), (4 bytes).
    Removing display.o(.rev16_text), (4 bytes).
    Removing display.o(.revsh_text), (4 bytes).
    Removing modbus.o(.rev16_text), (4 bytes).
    Removing modbus.o(.revsh_text), (4 bytes).
    Removing openio.o(.rev16_text), (4 bytes).
    Removing openio.o(.revsh_text), (4 bytes).
    Removing tm1629c.o(.rev16_text), (4 bytes).
    Removing tm1629c.o(.revsh_text), (4 bytes).
    Removing uart.o(.rev16_text), (4 bytes).
    Removing uart.o(.revsh_text), (4 bytes).
    Removing adc.o(.rev16_text), (4 bytes).
    Removing adc.o(.revsh_text), (4 bytes).
    Removing cdcmple.o(.text), (40 bytes).

88 unused section(s) (total 15422 bytes) removed from the image.

==============================================================================

Image Symbol Table

    Local Symbols

    Symbol Name                              Value     Ov Type        Size  Object(Section)

    ../clib/../cmprslib/zerorunl2.c          0x00000000   Number         0  __dczerorl2.o ABSOLUTE
    ../clib/microlib/errno.c                 0x00000000   Number         0  errno.o ABSOLUTE
    ../clib/microlib/init/entry.s            0x00000000   Number         0  entry5.o ABSOLUTE
    ../clib/microlib/init/entry.s            0x00000000   Number         0  entry.o ABSOLUTE
    ../clib/microlib/init/entry.s            0x00000000   Number         0  entry2.o ABSOLUTE
    ../clib/microlib/init/entry.s            0x00000000   Number         0  entry7a.o ABSOLUTE
    ../clib/microlib/init/entry.s            0x00000000   Number         0  entry7b.o ABSOLUTE
    ../clib/microlib/init/entry.s            0x00000000   Number         0  entry8a.o ABSOLUTE
    ../clib/microlib/init/entry.s            0x00000000   Number         0  entry8b.o ABSOLUTE
    ../clib/microlib/init/entry.s            0x00000000   Number         0  entry9a.o ABSOLUTE
    ../clib/microlib/init/entry.s            0x00000000   Number         0  entry9b.o ABSOLUTE
    ../clib/microlib/init/entry.s            0x00000000   Number         0  entry10a.o ABSOLUTE
    ../clib/microlib/init/entry.s            0x00000000   Number         0  entry10b.o ABSOLUTE
    ../clib/microlib/init/entry.s            0x00000000   Number         0  entry11a.o ABSOLUTE
    ../clib/microlib/init/entry.s            0x00000000   Number         0  entry11b.o ABSOLUTE
    ../clib/microlib/longlong.c              0x00000000   Number         0  llushr.o ABSOLUTE
    ../clib/microlib/longlong.c              0x00000000   Number         0  llshl.o ABSOLUTE
    ../clib/microlib/longlong.c              0x00000000   Number         0  llsshr.o ABSOLUTE
    ../clib/microlib/string/memcpy.c         0x00000000   Number         0  memcpya.o ABSOLUTE
    ../clib/microlib/string/memcpy.c         0x00000000   Number         0  memcpyb.o ABSOLUTE
    ../clib/microlib/string/memset.c         0x00000000   Number         0  memseta.o ABSOLUTE
    ../clib/microlib/stubs.s                 0x00000000   Number         0  iusefp.o ABSOLUTE
    ../fplib/microlib/d2f.c                  0x00000000   Number         0  d2f.o ABSOLUTE
    ../fplib/microlib/f2d.c                  0x00000000   Number         0  f2d.o ABSOLUTE
    ../fplib/microlib/fpadd.c                0x00000000   Number         0  fadd.o ABSOLUTE
    ../fplib/microlib/fpadd.c                0x00000000   Number         0  dadd.o ABSOLUTE
    ../fplib/microlib/fpdiv.c                0x00000000   Number         0  ddiv.o ABSOLUTE
    ../fplib/microlib/fpdiv.c                0x00000000   Number         0  fdiv.o ABSOLUTE
    ../fplib/microlib/fpepilogue.c           0x00000000   Number         0  fepilogue.o ABSOLUTE
    ../fplib/microlib/fpepilogue.c           0x00000000   Number         0  depilogue.o ABSOLUTE
    ../fplib/microlib/fpfix.c                0x00000000   Number         0  dfixi.o ABSOLUTE
    ../fplib/microlib/fpfix.c                0x00000000   Number         0  ffixui.o ABSOLUTE
    ../fplib/microlib/fpflt.c                0x00000000   Number         0  ffltui.o ABSOLUTE
    ../fplib/microlib/fpflt.c                0x00000000   Number         0  fflti.o ABSOLUTE
    ../fplib/microlib/fpflt.c                0x00000000   Number         0  dfltui.o ABSOLUTE
    ../fplib/microlib/fpflt.c                0x00000000   Number         0  ffltul.o ABSOLUTE
    ../fplib/microlib/fpflt.c                0x00000000   Number         0  dflti.o ABSOLUTE
    ../fplib/microlib/fpmul.c                0x00000000   Number         0  dmul.o ABSOLUTE
    ../fplib/microlib/fpmul.c                0x00000000   Number         0  fmul.o ABSOLUTE
    ../fplib/microlib/fpscalb.c              0x00000000   Number         0  dscalb.o ABSOLUTE
    ../fplib/microlib/fpsqrt.c               0x00000000   Number         0  dsqrt.o ABSOLUTE
    ../mathlib/atan.c                        0x00000000   Number         0  atan.o ABSOLUTE
    ../mathlib/atan.c                        0x00000000   Number         0  atan_x.o ABSOLUTE
    ../mathlib/cos.c                         0x00000000   Number         0  cos.o ABSOLUTE
    ../mathlib/cos.c                         0x00000000   Number         0  cos_x.o ABSOLUTE
    ../mathlib/cos_i.c                       0x00000000   Number         0  cos_i.o ABSOLUTE
    ../mathlib/dunder.c                      0x00000000   Number         0  dunder.o ABSOLUTE
    ../mathlib/fpclassify.c                  0x00000000   Number         0  fpclassify.o ABSOLUTE
    ../mathlib/poly.c                        0x00000000   Number         0  poly.o ABSOLUTE
    ../mathlib/rred.c                        0x00000000   Number         0  rred.o ABSOLUTE
    ../mathlib/sin.c                         0x00000000   Number         0  sin.o ABSOLUTE
    ../mathlib/sin.c                         0x00000000   Number         0  sin_x.o ABSOLUTE
    ../mathlib/sin_i.c                       0x00000000   Number         0  sin_i.o ABSOLUTE
    ../mathlib/sin_i.c                       0x00000000   Number         0  sin_i_x.o ABSOLUTE
    ../mathlib/sqrt.c                        0x00000000   Number         0  sqrt_x.o ABSOLUTE
    ../mathlib/sqrt.c                        0x00000000   Number         0  sqrt.o ABSOLUTE
    Source\\modbus.c                         0x00000000   Number         0  modbus.o ABSOLUTE
    Source\modbus.c                          0x00000000   Number         0  modbus.o ABSOLUTE
    cdcmple.s                                0x00000000   Number         0  cdcmple.o ABSOLUTE
    cdrcmple.s                               0x00000000   Number         0  cdrcmple.o ABSOLUTE
    cfcmple.s                                0x00000000   Number         0  cfcmple.o ABSOLUTE
    cfrcmple.s                               0x00000000   Number         0  cfrcmple.o ABSOLUTE
    core\\core_cm3.c                         0x00000000   Number         0  core_cm3.o ABSOLUTE
    core\core_cm3.c                          0x00000000   Number         0  core_cm3.o ABSOLUTE
    core\startup_stm32f10x_md.s              0x00000000   Number         0  startup_stm32f10x_md.o ABSOLUTE
    dc.s                                     0x00000000   Number         0  dc.o ABSOLUTE
    handlers.s                               0x00000000   Number         0  handlers.o ABSOLUTE
    init.s                                   0x00000000   Number         0  init.o ABSOLUTE
    lib\\src\\misc.c                         0x00000000   Number         0  misc.o ABSOLUTE
    lib\\src\\stm32f10x_adc.c                0x00000000   Number         0  stm32f10x_adc.o ABSOLUTE
    lib\\src\\stm32f10x_bkp.c                0x00000000   Number         0  stm32f10x_bkp.o ABSOLUTE
    lib\\src\\stm32f10x_can.c                0x00000000   Number         0  stm32f10x_can.o ABSOLUTE
    lib\\src\\stm32f10x_cec.c                0x00000000   Number         0  stm32f10x_cec.o ABSOLUTE
    lib\\src\\stm32f10x_crc.c                0x00000000   Number         0  stm32f10x_crc.o ABSOLUTE
    lib\\src\\stm32f10x_dac.c                0x00000000   Number         0  stm32f10x_dac.o ABSOLUTE
    lib\\src\\stm32f10x_dbgmcu.c             0x00000000   Number         0  stm32f10x_dbgmcu.o ABSOLUTE
    lib\\src\\stm32f10x_dma.c                0x00000000   Number         0  stm32f10x_dma.o ABSOLUTE
    lib\\src\\stm32f10x_exti.c               0x00000000   Number         0  stm32f10x_exti.o ABSOLUTE
    lib\\src\\stm32f10x_flash.c              0x00000000   Number         0  stm32f10x_flash.o ABSOLUTE
    lib\\src\\stm32f10x_fsmc.c               0x00000000   Number         0  stm32f10x_fsmc.o ABSOLUTE
    lib\\src\\stm32f10x_gpio.c               0x00000000   Number         0  stm32f10x_gpio.o ABSOLUTE
    lib\\src\\stm32f10x_i2c.c                0x00000000   Number         0  stm32f10x_i2c.o ABSOLUTE
    lib\\src\\stm32f10x_iwdg.c               0x00000000   Number         0  stm32f10x_iwdg.o ABSOLUTE
    lib\\src\\stm32f10x_pwr.c                0x00000000   Number         0  stm32f10x_pwr.o ABSOLUTE
    lib\\src\\stm32f10x_rcc.c                0x00000000   Number         0  stm32f10x_rcc.o ABSOLUTE
    lib\\src\\stm32f10x_rtc.c                0x00000000   Number         0  stm32f10x_rtc.o ABSOLUTE
    lib\\src\\stm32f10x_sdio.c               0x00000000   Number         0  stm32f10x_sdio.o ABSOLUTE
    lib\\src\\stm32f10x_spi.c                0x00000000   Number         0  stm32f10x_spi.o ABSOLUTE
    lib\\src\\stm32f10x_tim.c                0x00000000   Number         0  stm32f10x_tim.o ABSOLUTE
    lib\\src\\stm32f10x_usart.c              0x00000000   Number         0  stm32f10x_usart.o ABSOLUTE
    lib\\src\\stm32f10x_wwdg.c               0x00000000   Number         0  stm32f10x_wwdg.o ABSOLUTE
    lib\src\misc.c                           0x00000000   Number         0  misc.o ABSOLUTE
    lib\src\stm32f10x_adc.c                  0x00000000   Number         0  stm32f10x_adc.o ABSOLUTE
    lib\src\stm32f10x_bkp.c                  0x00000000   Number         0  stm32f10x_bkp.o ABSOLUTE
    lib\src\stm32f10x_can.c                  0x00000000   Number         0  stm32f10x_can.o ABSOLUTE
    lib\src\stm32f10x_cec.c                  0x00000000   Number         0  stm32f10x_cec.o ABSOLUTE
    lib\src\stm32f10x_crc.c                  0x00000000   Number         0  stm32f10x_crc.o ABSOLUTE
    lib\src\stm32f10x_dac.c                  0x00000000   Number         0  stm32f10x_dac.o ABSOLUTE
    lib\src\stm32f10x_dbgmcu.c               0x00000000   Number         0  stm32f10x_dbgmcu.o ABSOLUTE
    lib\src\stm32f10x_dma.c                  0x00000000   Number         0  stm32f10x_dma.o ABSOLUTE
    lib\src\stm32f10x_exti.c                 0x00000000   Number         0  stm32f10x_exti.o ABSOLUTE
    lib\src\stm32f10x_flash.c                0x00000000   Number         0  stm32f10x_flash.o ABSOLUTE
    lib\src\stm32f10x_fsmc.c                 0x00000000   Number         0  stm32f10x_fsmc.o ABSOLUTE
    lib\src\stm32f10x_gpio.c                 0x00000000   Number         0  stm32f10x_gpio.o ABSOLUTE
    lib\src\stm32f10x_i2c.c                  0x00000000   Number         0  stm32f10x_i2c.o ABSOLUTE
    lib\src\stm32f10x_iwdg.c                 0x00000000   Number         0  stm32f10x_iwdg.o ABSOLUTE
    lib\src\stm32f10x_pwr.c                  0x00000000   Number         0  stm32f10x_pwr.o ABSOLUTE
    lib\src\stm32f10x_rcc.c                  0x00000000   Number         0  stm32f10x_rcc.o ABSOLUTE
    lib\src\stm32f10x_rtc.c                  0x00000000   Number         0  stm32f10x_rtc.o ABSOLUTE
    lib\src\stm32f10x_sdio.c                 0x00000000   Number         0  stm32f10x_sdio.o ABSOLUTE
    lib\src\stm32f10x_spi.c                  0x00000000   Number         0  stm32f10x_spi.o ABSOLUTE
    lib\src\stm32f10x_tim.c                  0x00000000   Number         0  stm32f10x_tim.o ABSOLUTE
    lib\src\stm32f10x_usart.c                0x00000000   Number         0  stm32f10x_usart.o ABSOLUTE
    lib\src\stm32f10x_wwdg.c                 0x00000000   Number         0  stm32f10x_wwdg.o ABSOLUTE
    source\ADC.c                             0x00000000   Number         0  adc.o ABSOLUTE
    source\TM1629C.c                         0x00000000   Number         0  tm1629c.o ABSOLUTE
    source\UART.c                            0x00000000   Number         0  uart.o ABSOLUTE
    source\\ADC.c                            0x00000000   Number         0  adc.o ABSOLUTE
    source\\TM1629C.c                        0x00000000   Number         0  tm1629c.o ABSOLUTE
    source\\UART.c                           0x00000000   Number         0  uart.o ABSOLUTE
    source\\configs.c                        0x00000000   Number         0  configs.o ABSOLUTE
    source\\display.c                        0x00000000   Number         0  display.o ABSOLUTE
    source\\main.c                           0x00000000   Number         0  main.o ABSOLUTE
    source\\measure.c                        0x00000000   Number         0  measure.o ABSOLUTE
    source\\openio.c                         0x00000000   Number         0  openio.o ABSOLUTE
    source\\stm32f10x_it.c                   0x00000000   Number         0  stm32f10x_it.o ABSOLUTE
    source\\system_stm32f10x.c               0x00000000   Number         0  system_stm32f10x.o ABSOLUTE
    source\configs.c                         0x00000000   Number         0  configs.o ABSOLUTE
    source\display.c                         0x00000000   Number         0  display.o ABSOLUTE
    source\main.c                            0x00000000   Number         0  main.o ABSOLUTE
    source\measure.c                         0x00000000   Number         0  measure.o ABSOLUTE
    source\my_math.c                         0x00000000   Number         0  my_math.o ABSOLUTE
    source\openio.c                          0x00000000   Number         0  openio.o ABSOLUTE
    source\stm32f10x_it.c                    0x00000000   Number         0  stm32f10x_it.o ABSOLUTE
    source\system_stm32f10x.c                0x00000000   Number         0  system_stm32f10x.o ABSOLUTE
    RESET                                    0x08000000   Section      236  startup_stm32f10x_md.o(RESET)
    .ARM.Collect$$$$00000000                 0x080000ec   Section        0  entry.o(.ARM.Collect$$$$00000000)
    .ARM.Collect$$$$00000001                 0x080000ec   Section        4  entry2.o(.ARM.Collect$$$$00000001)
    .ARM.Collect$$$$00000004                 0x080000f0   Section        4  entry5.o(.ARM.Collect$$$$00000004)
    .ARM.Collect$$$$00000008                 0x080000f4   Section        0  entry7b.o(.ARM.Collect$$$$00000008)
    .ARM.Collect$$$$0000000A                 0x080000f4   Section        0  entry8b.o(.ARM.Collect$$$$0000000A)
    .ARM.Collect$$$$0000000B                 0x080000f4   Section        8  entry9a.o(.ARM.Collect$$$$0000000B)
    .ARM.Collect$$$$0000000D                 0x080000fc   Section        0  entry10a.o(.ARM.Collect$$$$0000000D)
    .ARM.Collect$$$$0000000F                 0x080000fc   Section        0  entry11a.o(.ARM.Collect$$$$0000000F)
    .ARM.Collect$$$$00002712                 0x080000fc   Section        4  entry2.o(.ARM.Collect$$$$00002712)
    __lit__00000000                          0x080000fc   Data           4  entry2.o(.ARM.Collect$$$$00002712)
    .text                                    0x08000100   Section       36  startup_stm32f10x_md.o(.text)
    .text                                    0x08000124   Section        0  misc.o(.text)
    .text                                    0x08000200   Section        0  stm32f10x_adc.o(.text)
    .text                                    0x08000650   Section        0  stm32f10x_dma.o(.text)
    .text                                    0x080008a0   Section        0  stm32f10x_flash.o(.text)
    .text                                    0x08000e5c   Section        0  stm32f10x_gpio.o(.text)
    .text                                    0x080011b4   Section        0  stm32f10x_rcc.o(.text)
    .text                                    0x08001558   Section        0  stm32f10x_usart.o(.text)
    .text                                    0x08001960   Section        0  main.o(.text)
    .text                                    0x08001a14   Section        0  stm32f10x_it.o(.text)
    .text                                    0x08001a2c   Section        0  system_stm32f10x.o(.text)
    SetSysClockTo72                          0x08001a2d   Thumb Code   212  system_stm32f10x.o(.text)
    SetSysClock                              0x08001b01   Thumb Code     8  system_stm32f10x.o(.text)
    .text                                    0x08001c08   Section        0  configs.o(.text)
    MemWriteByte                             0x08001ca3   Thumb Code    84  configs.o(.text)
    MemReadByte                              0x08001dd3   Thumb Code    32  configs.o(.text)
    configs_read                             0x08001df3   Thumb Code    14  configs.o(.text)
    .text                                    0x08002168   Section        0  measure.o(.text)
    fun                                      0x08002171   Thumb Code    44  measure.o(.text)
    .text                                    0x0800264c   Section        0  display.o(.text)
    display_refresh                          0x08002659   Thumb Code    78  display.o(.text)
    display_additional                       0x0800270f   Thumb Code   110  display.o(.text)
    convert                                  0x0800277d   Thumb Code   116  display.o(.text)
    .text                                    0x08003c1c   Section        0  modbus.o(.text)
    clear_timer                              0x08003c2b   Thumb Code     8  modbus.o(.text)
    clear_rx_buf                             0x08003c33   Thumb Code    18  modbus.o(.text)
    clear_tx_buf                             0x08003c45   Thumb Code    18  modbus.o(.text)
    calc_crc                                 0x08003c57   Thumb Code    54  modbus.o(.text)
    is_supported_code                        0x08003c8d   Thumb Code    30  modbus.o(.text)
    rx_process                               0x08003cab   Thumb Code   634  modbus.o(.text)
    .text                                    0x08003fcc   Section        0  openio.o(.text)
    .text                                    0x080041a0   Section        0  tm1629c.o(.text)
    delay_us                                 0x080041a1   Thumb Code    34  tm1629c.o(.text)
    Ports_Config                             0x080041c3   Thumb Code    40  tm1629c.o(.text)
    DIO_Input                                0x080041eb   Thumb Code    32  tm1629c.o(.text)
    DIO_Output                               0x0800420b   Thumb Code    32  tm1629c.o(.text)
    DIO_Set                                  0x0800422b   Thumb Code    14  tm1629c.o(.text)
    DIO_Reset                                0x08004239   Thumb Code    14  tm1629c.o(.text)
    DIO_Read                                 0x08004247   Thumb Code    14  tm1629c.o(.text)
    CLK_Set                                  0x08004255   Thumb Code    14  tm1629c.o(.text)
    CLK_Reset                                0x08004263   Thumb Code    14  tm1629c.o(.text)
    STB_Set                                  0x08004271   Thumb Code    14  tm1629c.o(.text)
    STB_Reset                                0x0800427f   Thumb Code    14  tm1629c.o(.text)
    TM1629C_Write                            0x0800428d   Thumb Code    64  tm1629c.o(.text)
    Write_CMD                                0x080042cd   Thumb Code    20  tm1629c.o(.text)
    TM1629C_ReadByte                         0x0800430b   Thumb Code    54  tm1629c.o(.text)
    .text                                    0x080043bc   Section        0  uart.o(.text)
    .text                                    0x0800450c   Section        0  adc.o(.text)
    .text                                    0x08004678   Section        0  my_math.o(.text)
    .text                                    0x080047f4   Section        0  memcpya.o(.text)
    .text                                    0x08004818   Section        0  memseta.o(.text)
    .text                                    0x0800483c   Section        0  fadd.o(.text)
    .text                                    0x080048ec   Section        0  fmul.o(.text)
    .text                                    0x08004958   Section        0  fdiv.o(.text)
    .text                                    0x080049d8   Section        0  dadd.o(.text)
    .text                                    0x08004b26   Section        0  dmul.o(.text)
    .text                                    0x08004c0a   Section        0  ddiv.o(.text)
    .text                                    0x08004ce8   Section        0  fflti.o(.text)
    .text                                    0x08004cfa   Section        0  ffltui.o(.text)
    .text                                    0x08004d04   Section        0  ffltul.o(.text)
    .text                                    0x08004d20   Section        0  dflti.o(.text)
    .text                                    0x08004d42   Section        0  ffixui.o(.text)
    .text                                    0x08004d6a   Section        0  f2d.o(.text)
    .text                                    0x08004d90   Section       40  cdrcmple.o(.text)
    .text                                    0x08004db8   Section        0  d2f.o(.text)
    .text                                    0x08004df0   Section       20  cfcmple.o(.text)
    .text                                    0x08004e04   Section       20  cfrcmple.o(.text)
    .text                                    0x08004e18   Section        0  llshl.o(.text)
    .text                                    0x08004e36   Section        0  llsshr.o(.text)
    .text                                    0x08004e5a   Section        0  iusefp.o(.text)
    .text                                    0x08004e5a   Section        0  fepilogue.o(.text)
    .text                                    0x08004ec6   Section        0  depilogue.o(.text)
    .text                                    0x08004f84   Section        0  dscalb.o(.text)
    .text                                    0x08004fb2   Section        0  dsqrt.o(.text)
    .text                                    0x08005054   Section       36  init.o(.text)
    .text                                    0x08005078   Section        0  llushr.o(.text)
    .text                                    0x08005098   Section        0  dfltui.o(.text)
    .text                                    0x080050b2   Section        0  dfixi.o(.text)
    .text                                    0x080050f0   Section        0  __dczerorl2.o(.text)
    i.__ARM_fpclassify                       0x0800514c   Section        0  fpclassify.o(i.__ARM_fpclassify)
    i.__ieee754_rem_pio2                     0x08005174   Section        0  rred.o(i.__ieee754_rem_pio2)
    i.__kernel_cos                           0x080054fc   Section        0  cos_i.o(i.__kernel_cos)
    i.__kernel_poly                          0x080055f8   Section        0  poly.o(i.__kernel_poly)
    i.__kernel_sin                           0x080056a4   Section        0  sin_i.o(i.__kernel_sin)
    i.__mathlib_dbl_underflow                0x08005790   Section        0  dunder.o(i.__mathlib_dbl_underflow)
    i.__scatterload_copy                     0x080057a0   Section       14  handlers.o(i.__scatterload_copy)
    i.__scatterload_null                     0x080057ae   Section        2  handlers.o(i.__scatterload_null)
    i.__scatterload_zeroinit                 0x080057b0   Section       14  handlers.o(i.__scatterload_zeroinit)
    i.__set_errno                            0x080057c0   Section        0  errno.o(i.__set_errno)
    i.atan                                   0x080057cc   Section        0  atan.o(i.atan)
    i.cos                                    0x080059f0   Section        0  cos.o(i.cos)
    i.sin                                    0x08005a9c   Section        0  sin.o(i.sin)
    i.sqrt                                   0x08005b4c   Section        0  sqrt.o(i.sqrt)
    .constdata                               0x08005b98   Section       18  configs.o(.constdata)
    .constdata                               0x08005baa   Section       48  display.o(.constdata)
    .constdata                               0x08005bda   Section      516  modbus.o(.constdata)
    crc16_table                              0x08005bda   Data         512  modbus.o(.constdata)
    .constdata                               0x08005de0   Section      152  atan.o(.constdata)
    atanhi                                   0x08005de0   Data          32  atan.o(.constdata)
    atanlo                                   0x08005e00   Data          32  atan.o(.constdata)
    aTodd                                    0x08005e20   Data          40  atan.o(.constdata)
    aTeven                                   0x08005e48   Data          48  atan.o(.constdata)
    .constdata                               0x08005e78   Section       48  cos_i.o(.constdata)
    C                                        0x08005e78   Data          48  cos_i.o(.constdata)
    .constdata                               0x08005ea8   Section      200  rred.o(.constdata)
    pio2s                                    0x08005ea8   Data          48  rred.o(.constdata)
    twooverpi                                0x08005ed8   Data         152  rred.o(.constdata)
    .constdata                               0x08005f70   Section       40  sin_i.o(.constdata)
    S                                        0x08005f70   Data          40  sin_i.o(.constdata)
    .data                                    0x20000000   Section       20  stm32f10x_rcc.o(.data)
    APBAHBPrescTable                         0x20000000   Data          16  stm32f10x_rcc.o(.data)
    ADCPrescTable                            0x20000010   Data           4  stm32f10x_rcc.o(.data)
    .data                                    0x20000014   Section        4  main.o(.data)
    .data                                    0x20000018   Section       20  system_stm32f10x.o(.data)
    .data                                    0x2000002c   Section       40  configs.o(.data)
    .data                                    0x20000054   Section        4  measure.o(.data)
    measure_cnt                              0x20000054   Data           2  measure.o(.data)
    update_cnt                               0x20000056   Data           2  measure.o(.data)
    .data                                    0x20000058   Section      202  display.o(.data)
    old_index                                0x20000120   Data           1  display.o(.data)
    .data                                    0x20000122   Section        4  modbus.o(.data)
    rx_cnt                                   0x20000122   Data           1  modbus.o(.data)
    .data                                    0x20000128   Section        4  errno.o(.data)
    _errno                                   0x20000128   Data           4  errno.o(.data)
    .bss                                     0x2000012c   Section      216  configs.o(.bss)
    .bss                                     0x20000208   Section       80  measure.o(.bss)
    .bss                                     0x20000258   Section       40  display.o(.bss)
    st_volt                                  0x20000268   Data          12  display.o(.bss)
    st_current                               0x20000274   Data          12  display.o(.bss)
    .bss                                     0x20000280   Section       96  modbus.o(.bss)
    .bss                                     0x200002e0   Section       14  adc.o(.bss)
    STACK                                    0x200002f0   Section     3072  startup_stm32f10x_md.o(STACK)

    Global Symbols

    Symbol Name                              Value     Ov Type        Size  Object(Section)

    BuildAttributes$$THM_ISAv4$P$D$K$B$S$PE$A:L22UL41UL21$X:L11$S22US41US21$IEEE1$IW$USESV6$~STKCKD$USESV7$~SHL$OTIME$ROPI$IEEEX$EBA8$MICROLIB$REQ8$PRES8$EABIv2 0x00000000   Number         0  anon$$obj.o ABSOLUTE
    __ARM_use_no_argv                        0x00000000   Number         0  main.o ABSOLUTE
    __cpp_initialize__aeabi_                  - Undefined Weak Reference
    __cxa_finalize                            - Undefined Weak Reference
    _clock_init                               - Undefined Weak Reference
    _microlib_exit                            - Undefined Weak Reference
    __Vectors_Size                           0x000000ec   Number         0  startup_stm32f10x_md.o ABSOLUTE
    __Vectors                                0x08000000   Data           4  startup_stm32f10x_md.o(RESET)
    __Vectors_End                            0x080000ec   Data           0  startup_stm32f10x_md.o(RESET)
    __main                                   0x080000ed   Thumb Code     0  entry.o(.ARM.Collect$$$$00000000)
    _main_stk                                0x080000ed   Thumb Code     0  entry2.o(.ARM.Collect$$$$00000001)
    _main_scatterload                        0x080000f1   Thumb Code     0  entry5.o(.ARM.Collect$$$$00000004)
    __main_after_scatterload                 0x080000f5   Thumb Code     0  entry5.o(.ARM.Collect$$$$00000004)
    _main_clock                              0x080000f5   Thumb Code     0  entry7b.o(.ARM.Collect$$$$00000008)
    _main_cpp_init                           0x080000f5   Thumb Code     0  entry8b.o(.ARM.Collect$$$$0000000A)
    _main_init                               0x080000f5   Thumb Code     0  entry9a.o(.ARM.Collect$$$$0000000B)
    __rt_final_cpp                           0x080000fd   Thumb Code     0  entry10a.o(.ARM.Collect$$$$0000000D)
    __rt_final_exit                          0x080000fd   Thumb Code     0  entry11a.o(.ARM.Collect$$$$0000000F)
    Reset_Handler                            0x08000101   Thumb Code     8  startup_stm32f10x_md.o(.text)
    ADC1_2_IRQHandler                        0x0800011b   Thumb Code     0  startup_stm32f10x_md.o(.text)
    CAN1_RX1_IRQHandler                      0x0800011b   Thumb Code     0  startup_stm32f10x_md.o(.text)
    CAN1_SCE_IRQHandler                      0x0800011b   Thumb Code     0  startup_stm32f10x_md.o(.text)
    DMA1_Channel1_IRQHandler                 0x0800011b   Thumb Code     0  startup_stm32f10x_md.o(.text)
    DMA1_Channel2_IRQHandler                 0x0800011b   Thumb Code     0  startup_stm32f10x_md.o(.text)
    DMA1_Channel3_IRQHandler                 0x0800011b   Thumb Code     0  startup_stm32f10x_md.o(.text)
    DMA1_Channel4_IRQHandler                 0x0800011b   Thumb Code     0  startup_stm32f10x_md.o(.text)
    DMA1_Channel5_IRQHandler                 0x0800011b   Thumb Code     0  startup_stm32f10x_md.o(.text)
    DMA1_Channel6_IRQHandler                 0x0800011b   Thumb Code     0  startup_stm32f10x_md.o(.text)
    DMA1_Channel7_IRQHandler                 0x0800011b   Thumb Code     0  startup_stm32f10x_md.o(.text)
    EXTI0_IRQHandler                         0x0800011b   Thumb Code     0  startup_stm32f10x_md.o(.text)
    EXTI15_10_IRQHandler                     0x0800011b   Thumb Code     0  startup_stm32f10x_md.o(.text)
    EXTI1_IRQHandler                         0x0800011b   Thumb Code     0  startup_stm32f10x_md.o(.text)
    EXTI2_IRQHandler                         0x0800011b   Thumb Code     0  startup_stm32f10x_md.o(.text)
    EXTI3_IRQHandler                         0x0800011b   Thumb Code     0  startup_stm32f10x_md.o(.text)
    EXTI4_IRQHandler                         0x0800011b   Thumb Code     0  startup_stm32f10x_md.o(.text)
    EXTI9_5_IRQHandler                       0x0800011b   Thumb Code     0  startup_stm32f10x_md.o(.text)
    FLASH_IRQHandler                         0x0800011b   Thumb Code     0  startup_stm32f10x_md.o(.text)
    I2C1_ER_IRQHandler                       0x0800011b   Thumb Code     0  startup_stm32f10x_md.o(.text)
    I2C1_EV_IRQHandler                       0x0800011b   Thumb Code     0  startup_stm32f10x_md.o(.text)
    I2C2_ER_IRQHandler                       0x0800011b   Thumb Code     0  startup_stm32f10x_md.o(.text)
    I2C2_EV_IRQHandler                       0x0800011b   Thumb Code     0  startup_stm32f10x_md.o(.text)
    PVD_IRQHandler                           0x0800011b   Thumb Code     0  startup_stm32f10x_md.o(.text)
    RCC_IRQHandler                           0x0800011b   Thumb Code     0  startup_stm32f10x_md.o(.text)
    RTCAlarm_IRQHandler                      0x0800011b   Thumb Code     0  startup_stm32f10x_md.o(.text)
    RTC_IRQHandler                           0x0800011b   Thumb Code     0  startup_stm32f10x_md.o(.text)
    SPI1_IRQHandler                          0x0800011b   Thumb Code     0  startup_stm32f10x_md.o(.text)
    SPI2_IRQHandler                          0x0800011b   Thumb Code     0  startup_stm32f10x_md.o(.text)
    TAMPER_IRQHandler                        0x0800011b   Thumb Code     0  startup_stm32f10x_md.o(.text)
    TIM1_BRK_IRQHandler                      0x0800011b   Thumb Code     0  startup_stm32f10x_md.o(.text)
    TIM1_CC_IRQHandler                       0x0800011b   Thumb Code     0  startup_stm32f10x_md.o(.text)
    TIM1_TRG_COM_IRQHandler                  0x0800011b   Thumb Code     0  startup_stm32f10x_md.o(.text)
    TIM1_UP_IRQHandler                       0x0800011b   Thumb Code     0  startup_stm32f10x_md.o(.text)
    TIM2_IRQHandler                          0x0800011b   Thumb Code     0  startup_stm32f10x_md.o(.text)
    TIM3_IRQHandler                          0x0800011b   Thumb Code     0  startup_stm32f10x_md.o(.text)
    TIM4_IRQHandler                          0x0800011b   Thumb Code     0  startup_stm32f10x_md.o(.text)
    USART2_IRQHandler                        0x0800011b   Thumb Code     0  startup_stm32f10x_md.o(.text)
    USART3_IRQHandler                        0x0800011b   Thumb Code     0  startup_stm32f10x_md.o(.text)
    USBWakeUp_IRQHandler                     0x0800011b   Thumb Code     0  startup_stm32f10x_md.o(.text)
    USB_HP_CAN1_TX_IRQHandler                0x0800011b   Thumb Code     0  startup_stm32f10x_md.o(.text)
    USB_LP_CAN1_RX0_IRQHandler               0x0800011b   Thumb Code     0  startup_stm32f10x_md.o(.text)
    WWDG_IRQHandler                          0x0800011b   Thumb Code     0  startup_stm32f10x_md.o(.text)
    NVIC_PriorityGroupConfig                 0x08000125   Thumb Code    10  misc.o(.text)
    NVIC_Init                                0x0800012f   Thumb Code   102  misc.o(.text)
    NVIC_SetVectorTable                      0x08000195   Thumb Code    14  misc.o(.text)
    NVIC_SystemLPConfig                      0x080001a3   Thumb Code    34  misc.o(.text)
    SysTick_CLKSourceConfig                  0x080001c5   Thumb Code    40  misc.o(.text)
    ADC_DeInit                               0x08000201   Thumb Code    78  stm32f10x_adc.o(.text)
    ADC_Init                                 0x0800024f   Thumb Code    70  stm32f10x_adc.o(.text)
    ADC_StructInit                           0x08000295   Thumb Code    18  stm32f10x_adc.o(.text)
    ADC_Cmd                                  0x080002a7   Thumb Code    22  stm32f10x_adc.o(.text)
    ADC_DMACmd                               0x080002bd   Thumb Code    22  stm32f10x_adc.o(.text)
    ADC_ITConfig                             0x080002d3   Thumb Code    24  stm32f10x_adc.o(.text)
    ADC_ResetCalibration                     0x080002eb   Thumb Code    10  stm32f10x_adc.o(.text)
    ADC_GetResetCalibrationStatus            0x080002f5   Thumb Code    20  stm32f10x_adc.o(.text)
    ADC_StartCalibration                     0x08000309   Thumb Code    10  stm32f10x_adc.o(.text)
    ADC_GetCalibrationStatus                 0x08000313   Thumb Code    20  stm32f10x_adc.o(.text)
    ADC_SoftwareStartConvCmd                 0x08000327   Thumb Code    22  stm32f10x_adc.o(.text)
    ADC_GetSoftwareStartConvStatus           0x0800033d   Thumb Code    20  stm32f10x_adc.o(.text)
    ADC_DiscModeChannelCountConfig           0x08000351   Thumb Code    24  stm32f10x_adc.o(.text)
    ADC_DiscModeCmd                          0x08000369   Thumb Code    22  stm32f10x_adc.o(.text)
    ADC_RegularChannelConfig                 0x0800037f   Thumb Code   184  stm32f10x_adc.o(.text)
    ADC_ExternalTrigConvCmd                  0x08000437   Thumb Code    22  stm32f10x_adc.o(.text)
    ADC_GetConversionValue                   0x0800044d   Thumb Code     8  stm32f10x_adc.o(.text)
    ADC_GetDualModeConversionValue           0x08000455   Thumb Code     8  stm32f10x_adc.o(.text)
    ADC_AutoInjectedConvCmd                  0x0800045d   Thumb Code    22  stm32f10x_adc.o(.text)
    ADC_InjectedDiscModeCmd                  0x08000473   Thumb Code    22  stm32f10x_adc.o(.text)
    ADC_ExternalTrigInjectedConvConfig       0x08000489   Thumb Code    16  stm32f10x_adc.o(.text)
    ADC_ExternalTrigInjectedConvCmd          0x08000499   Thumb Code    22  stm32f10x_adc.o(.text)
    ADC_SoftwareStartInjectedConvCmd         0x080004af   Thumb Code    22  stm32f10x_adc.o(.text)
    ADC_GetSoftwareStartInjectedConvCmdStatus 0x080004c5   Thumb Code    20  stm32f10x_adc.o(.text)
    ADC_InjectedChannelConfig                0x080004d9   Thumb Code   130  stm32f10x_adc.o(.text)
    ADC_InjectedSequencerLengthConfig        0x0800055b   Thumb Code    24  stm32f10x_adc.o(.text)
    ADC_SetInjectedOffset                    0x08000573   Thumb Code    20  stm32f10x_adc.o(.text)
    ADC_GetInjectedConversionValue           0x08000587   Thumb Code    28  stm32f10x_adc.o(.text)
    ADC_AnalogWatchdogCmd                    0x080005a3   Thumb Code    16  stm32f10x_adc.o(.text)
    ADC_AnalogWatchdogThresholdsConfig       0x080005b3   Thumb Code     6  stm32f10x_adc.o(.text)
    ADC_AnalogWatchdogSingleChannelConfig    0x080005b9   Thumb Code    16  stm32f10x_adc.o(.text)
    ADC_TempSensorVrefintCmd                 0x080005c9   Thumb Code    64  stm32f10x_adc.o(.text)
    ADC_GetFlagStatus                        0x08000609   Thumb Code    18  stm32f10x_adc.o(.text)
    ADC_ClearFlag                            0x0800061b   Thumb Code     6  stm32f10x_adc.o(.text)
    ADC_GetITStatus                          0x08000621   Thumb Code    36  stm32f10x_adc.o(.text)
    ADC_ClearITPendingBit                    0x08000645   Thumb Code    10  stm32f10x_adc.o(.text)
    DMA_DeInit                               0x08000651   Thumb Code   324  stm32f10x_dma.o(.text)
    DMA_Init                                 0x08000795   Thumb Code    60  stm32f10x_dma.o(.text)
    DMA_StructInit                           0x080007d1   Thumb Code    26  stm32f10x_dma.o(.text)
    DMA_Cmd                                  0x080007eb   Thumb Code    24  stm32f10x_dma.o(.text)
    DMA_ITConfig                             0x08000803   Thumb Code    18  stm32f10x_dma.o(.text)
    DMA_SetCurrDataCounter                   0x08000815   Thumb Code     4  stm32f10x_dma.o(.text)
    DMA_GetCurrDataCounter                   0x08000819   Thumb Code     8  stm32f10x_dma.o(.text)
    DMA_GetFlagStatus                        0x08000821   Thumb Code    38  stm32f10x_dma.o(.text)
    DMA_ClearFlag                            0x08000847   Thumb Code    22  stm32f10x_dma.o(.text)
    DMA_GetITStatus                          0x0800085d   Thumb Code    38  stm32f10x_dma.o(.text)
    DMA_ClearITPendingBit                    0x08000883   Thumb Code    22  stm32f10x_dma.o(.text)
    FLASH_SetLatency                         0x080008a1   Thumb Code    18  stm32f10x_flash.o(.text)
    FLASH_HalfCycleAccessCmd                 0x080008b3   Thumb Code    22  stm32f10x_flash.o(.text)
    FLASH_PrefetchBufferCmd                  0x080008c9   Thumb Code    22  stm32f10x_flash.o(.text)
    FLASH_Unlock                             0x080008df   Thumb Code    12  stm32f10x_flash.o(.text)
    FLASH_UnlockBank1                        0x080008eb   Thumb Code    12  stm32f10x_flash.o(.text)
    FLASH_Lock                               0x080008f7   Thumb Code    14  stm32f10x_flash.o(.text)
    FLASH_LockBank1                          0x08000905   Thumb Code    14  stm32f10x_flash.o(.text)
    FLASH_GetBank1Status                     0x08000913   Thumb Code    48  stm32f10x_flash.o(.text)
    FLASH_WaitForLastOperation               0x08000943   Thumb Code    38  stm32f10x_flash.o(.text)
    FLASH_ErasePage                          0x08000969   Thumb Code    72  stm32f10x_flash.o(.text)
    FLASH_EraseAllPages                      0x080009b1   Thumb Code    68  stm32f10x_flash.o(.text)
    FLASH_WaitForLastBank1Operation          0x080009f5   Thumb Code    38  stm32f10x_flash.o(.text)
    FLASH_EraseAllBank1Pages                 0x08000a1b   Thumb Code    68  stm32f10x_flash.o(.text)
    FLASH_GetReadOutProtectionStatus         0x08000a5f   Thumb Code    20  stm32f10x_flash.o(.text)
    FLASH_EraseOptionBytes                   0x08000a73   Thumb Code   150  stm32f10x_flash.o(.text)
    FLASH_ProgramWord                        0x08000b09   Thumb Code   102  stm32f10x_flash.o(.text)
    FLASH_ProgramHalfWord                    0x08000b6f   Thumb Code    60  stm32f10x_flash.o(.text)
    FLASH_ProgramOptionByteData              0x08000bab   Thumb Code    72  stm32f10x_flash.o(.text)
    FLASH_EnableWriteProtection              0x08000bf3   Thumb Code   200  stm32f10x_flash.o(.text)
    FLASH_ReadOutProtection                  0x08000cbb   Thumb Code   156  stm32f10x_flash.o(.text)
    FLASH_UserOptionByteConfig               0x08000d57   Thumb Code    88  stm32f10x_flash.o(.text)
    FLASH_GetUserOptionByte                  0x08000daf   Thumb Code     8  stm32f10x_flash.o(.text)
    FLASH_GetWriteProtectionOptionByte       0x08000db7   Thumb Code     6  stm32f10x_flash.o(.text)
    FLASH_GetPrefetchBufferStatus            0x08000dbd   Thumb Code    20  stm32f10x_flash.o(.text)
    FLASH_ITConfig                           0x08000dd1   Thumb Code    26  stm32f10x_flash.o(.text)
    FLASH_GetFlagStatus                      0x08000deb   Thumb Code    42  stm32f10x_flash.o(.text)
    FLASH_ClearFlag                          0x08000e15   Thumb Code     6  stm32f10x_flash.o(.text)
    FLASH_GetStatus                          0x08000e1b   Thumb Code    48  stm32f10x_flash.o(.text)
    GPIO_DeInit                              0x08000e5d   Thumb Code   172  stm32f10x_gpio.o(.text)
    GPIO_AFIODeInit                          0x08000f09   Thumb Code    20  stm32f10x_gpio.o(.text)
    GPIO_Init                                0x08000f1d   Thumb Code   274  stm32f10x_gpio.o(.text)
    GPIO_StructInit                          0x0800102f   Thumb Code    16  stm32f10x_gpio.o(.text)
    GPIO_ReadInputDataBit                    0x0800103f   Thumb Code    18  stm32f10x_gpio.o(.text)
    GPIO_ReadInputData                       0x08001051   Thumb Code     8  stm32f10x_gpio.o(.text)
    GPIO_ReadOutputDataBit                   0x08001059   Thumb Code    18  stm32f10x_gpio.o(.text)
    GPIO_ReadOutputData                      0x0800106b   Thumb Code     8  stm32f10x_gpio.o(.text)
    GPIO_SetBits                             0x08001073   Thumb Code     4  stm32f10x_gpio.o(.text)
    GPIO_ResetBits                           0x08001077   Thumb Code     4  stm32f10x_gpio.o(.text)
    GPIO_WriteBit                            0x0800107b   Thumb Code    10  stm32f10x_gpio.o(.text)
    GPIO_Write                               0x08001085   Thumb Code     4  stm32f10x_gpio.o(.text)
    GPIO_PinLockConfig                       0x08001089   Thumb Code    18  stm32f10x_gpio.o(.text)
    GPIO_EventOutputConfig                   0x0800109b   Thumb Code    26  stm32f10x_gpio.o(.text)
    GPIO_EventOutputCmd                      0x080010b5   Thumb Code     6  stm32f10x_gpio.o(.text)
    GPIO_PinRemapConfig                      0x080010bb   Thumb Code   138  stm32f10x_gpio.o(.text)
    GPIO_EXTILineConfig                      0x08001145   Thumb Code    66  stm32f10x_gpio.o(.text)
    GPIO_ETH_MediaInterfaceConfig            0x08001187   Thumb Code     6  stm32f10x_gpio.o(.text)
    RCC_DeInit                               0x080011b5   Thumb Code    64  stm32f10x_rcc.o(.text)
    RCC_HSEConfig                            0x080011f5   Thumb Code    70  stm32f10x_rcc.o(.text)
    RCC_GetFlagStatus                        0x0800123b   Thumb Code    56  stm32f10x_rcc.o(.text)
    RCC_WaitForHSEStartUp                    0x08001273   Thumb Code    56  stm32f10x_rcc.o(.text)
    RCC_AdjustHSICalibrationValue            0x080012ab   Thumb Code    20  stm32f10x_rcc.o(.text)
    RCC_HSICmd                               0x080012bf   Thumb Code     6  stm32f10x_rcc.o(.text)
    RCC_PLLConfig                            0x080012c5   Thumb Code    24  stm32f10x_rcc.o(.text)
    RCC_PLLCmd                               0x080012dd   Thumb Code     6  stm32f10x_rcc.o(.text)
    RCC_SYSCLKConfig                         0x080012e3   Thumb Code    18  stm32f10x_rcc.o(.text)
    RCC_GetSYSCLKSource                      0x080012f5   Thumb Code    10  stm32f10x_rcc.o(.text)
    RCC_HCLKConfig                           0x080012ff   Thumb Code    18  stm32f10x_rcc.o(.text)
    RCC_PCLK1Config                          0x08001311   Thumb Code    18  stm32f10x_rcc.o(.text)
    RCC_PCLK2Config                          0x08001323   Thumb Code    20  stm32f10x_rcc.o(.text)
    RCC_ITConfig                             0x08001337   Thumb Code    26  stm32f10x_rcc.o(.text)
    RCC_USBCLKConfig                         0x08001351   Thumb Code     6  stm32f10x_rcc.o(.text)
    RCC_ADCCLKConfig                         0x08001357   Thumb Code    18  stm32f10x_rcc.o(.text)
    RCC_LSEConfig                            0x08001369   Thumb Code    44  stm32f10x_rcc.o(.text)
    RCC_LSICmd                               0x08001395   Thumb Code     6  stm32f10x_rcc.o(.text)
    RCC_RTCCLKConfig                         0x0800139b   Thumb Code    12  stm32f10x_rcc.o(.text)
    RCC_RTCCLKCmd                            0x080013a7   Thumb Code     8  stm32f10x_rcc.o(.text)
    RCC_GetClocksFreq                        0x080013af   Thumb Code   192  stm32f10x_rcc.o(.text)
    RCC_AHBPeriphClockCmd                    0x0800146f   Thumb Code    26  stm32f10x_rcc.o(.text)
    RCC_APB2PeriphClockCmd                   0x08001489   Thumb Code    26  stm32f10x_rcc.o(.text)
    RCC_APB1PeriphClockCmd                   0x080014a3   Thumb Code    26  stm32f10x_rcc.o(.text)
    RCC_APB2PeriphResetCmd                   0x080014bd   Thumb Code    26  stm32f10x_rcc.o(.text)
    RCC_APB1PeriphResetCmd                   0x080014d7   Thumb Code    26  stm32f10x_rcc.o(.text)
    RCC_BackupResetCmd                       0x080014f1   Thumb Code     8  stm32f10x_rcc.o(.text)
    RCC_ClockSecuritySystemCmd               0x080014f9   Thumb Code     6  stm32f10x_rcc.o(.text)
    RCC_MCOConfig                            0x080014ff   Thumb Code     6  stm32f10x_rcc.o(.text)
    RCC_ClearFlag                            0x08001505   Thumb Code    14  stm32f10x_rcc.o(.text)
    RCC_GetITStatus                          0x08001513   Thumb Code    20  stm32f10x_rcc.o(.text)
    RCC_ClearITPendingBit                    0x08001527   Thumb Code     6  stm32f10x_rcc.o(.text)
    USART_DeInit                             0x08001559   Thumb Code   134  stm32f10x_usart.o(.text)
    USART_Init                               0x080015df   Thumb Code   210  stm32f10x_usart.o(.text)
    USART_StructInit                         0x080016b1   Thumb Code    24  stm32f10x_usart.o(.text)
    USART_ClockInit                          0x080016c9   Thumb Code    34  stm32f10x_usart.o(.text)
    USART_ClockStructInit                    0x080016eb   Thumb Code    12  stm32f10x_usart.o(.text)
    USART_Cmd                                0x080016f7   Thumb Code    24  stm32f10x_usart.o(.text)
    USART_ITConfig                           0x0800170f   Thumb Code    74  stm32f10x_usart.o(.text)
    USART_DMACmd                             0x08001759   Thumb Code    18  stm32f10x_usart.o(.text)
    USART_SetAddress                         0x0800176b   Thumb Code    18  stm32f10x_usart.o(.text)
    USART_WakeUpConfig                       0x0800177d   Thumb Code    18  stm32f10x_usart.o(.text)
    USART_ReceiverWakeUpCmd                  0x0800178f   Thumb Code    24  stm32f10x_usart.o(.text)
    USART_LINBreakDetectLengthConfig         0x080017a7   Thumb Code    18  stm32f10x_usart.o(.text)
    USART_LINCmd                             0x080017b9   Thumb Code    24  stm32f10x_usart.o(.text)
    USART_SendData                           0x080017d1   Thumb Code     8  stm32f10x_usart.o(.text)
    USART_ReceiveData                        0x080017d9   Thumb Code    10  stm32f10x_usart.o(.text)
    USART_SendBreak                          0x080017e3   Thumb Code    10  stm32f10x_usart.o(.text)
    USART_SetGuardTime                       0x080017ed   Thumb Code    16  stm32f10x_usart.o(.text)
    USART_SetPrescaler                       0x080017fd   Thumb Code    16  stm32f10x_usart.o(.text)
    USART_SmartCardCmd                       0x0800180d   Thumb Code    24  stm32f10x_usart.o(.text)
    USART_SmartCardNACKCmd                   0x08001825   Thumb Code    24  stm32f10x_usart.o(.text)
    USART_HalfDuplexCmd                      0x0800183d   Thumb Code    24  stm32f10x_usart.o(.text)
    USART_OverSampling8Cmd                   0x08001855   Thumb Code    22  stm32f10x_usart.o(.text)
    USART_OneBitMethodCmd                    0x0800186b   Thumb Code    24  stm32f10x_usart.o(.text)
    USART_IrDAConfig                         0x08001883   Thumb Code    18  stm32f10x_usart.o(.text)
    USART_IrDACmd                            0x08001895   Thumb Code    24  stm32f10x_usart.o(.text)
    USART_GetFlagStatus                      0x080018ad   Thumb Code    26  stm32f10x_usart.o(.text)
    USART_ClearFlag                          0x080018c7   Thumb Code    18  stm32f10x_usart.o(.text)
    USART_GetITStatus                        0x080018d9   Thumb Code    84  stm32f10x_usart.o(.text)
    USART_ClearITPendingBit                  0x0800192d   Thumb Code    52  stm32f10x_usart.o(.text)
    main                                     0x08001961   Thumb Code   130  main.o(.text)
    SysTick_Handler                          0x080019e3   Thumb Code    30  main.o(.text)
    NMI_Handler                              0x08001a15   Thumb Code     2  stm32f10x_it.o(.text)
    HardFault_Handler                        0x08001a17   Thumb Code     4  stm32f10x_it.o(.text)
    MemManage_Handler                        0x08001a1b   Thumb Code     4  stm32f10x_it.o(.text)
    BusFault_Handler                         0x08001a1f   Thumb Code     4  stm32f10x_it.o(.text)
    UsageFault_Handler                       0x08001a23   Thumb Code     4  stm32f10x_it.o(.text)
    DebugMon_Handler                         0x08001a27   Thumb Code     2  stm32f10x_it.o(.text)
    SVC_Handler                              0x08001a29   Thumb Code     2  stm32f10x_it.o(.text)
    PendSV_Handler                           0x08001a2b   Thumb Code     2  stm32f10x_it.o(.text)
    SystemInit                               0x08001b09   Thumb Code    78  system_stm32f10x.o(.text)
    SystemCoreClockUpdate                    0x08001b57   Thumb Code   142  system_stm32f10x.o(.text)
    map_register                             0x08001c09   Thumb Code   154  configs.o(.text)
    configs_save                             0x08001cf7   Thumb Code   220  configs.o(.text)
    load_configs                             0x08001e01   Thumb Code   584  configs.o(.text)
    voltage_calibration                      0x08002049   Thumb Code    56  configs.o(.text)
    current_calibration                      0x08002081   Thumb Code   188  configs.o(.text)
    measure_init                             0x08002169   Thumb Code     8  measure.o(.text)
    measure_update                           0x0800219d   Thumb Code  1172  measure.o(.text)
    display_init                             0x0800264d   Thumb Code    12  display.o(.text)
    display_clear                            0x080026a7   Thumb Code    18  display.o(.text)
    menu_call                                0x080026b9   Thumb Code    86  display.o(.text)
    display_set_volts                        0x080027f1   Thumb Code    62  display.o(.text)
    display_show_voltage                     0x0800282f   Thumb Code   294  display.o(.text)
    display_set_currents                     0x08002955   Thumb Code    62  display.o(.text)
    display_show_current                     0x08002993   Thumb Code   360  display.o(.text)
    display_show_measure                     0x08002afb   Thumb Code    26  display.o(.text)
    display_getkeys                          0x08002b15   Thumb Code    58  display.o(.text)
    key_show_measure                         0x08002b4f   Thumb Code   116  display.o(.text)
    display_code                             0x08002bc3   Thumb Code   206  display.o(.text)
    change_digit                             0x08002c91   Thumb Code   142  display.o(.text)
    get_digit                                0x08002d1f   Thumb Code    96  display.o(.text)
    add_digit                                0x08002d7f   Thumb Code    44  display.o(.text)
    key_code                                 0x08002dab   Thumb Code   168  display.o(.text)
    display_conn_type                        0x08002e53   Thumb Code   118  display.o(.text)
    key_conn_type                            0x08002ec9   Thumb Code   204  display.o(.text)
    display_alarm_type                       0x08002f95   Thumb Code   110  display.o(.text)
    key_alarm_type                           0x08003003   Thumb Code   162  display.o(.text)
    display_alarm_value1                     0x080030a5   Thumb Code   186  display.o(.text)
    key_alarm_value1                         0x0800315f   Thumb Code   176  display.o(.text)
    display_alarm_value2                     0x0800320f   Thumb Code   188  display.o(.text)
    key_alarm_value2                         0x080032cb   Thumb Code   242  display.o(.text)
    display_voltage_ratio                    0x080033bd   Thumb Code   186  display.o(.text)
    key_voltage_ratio                        0x08003477   Thumb Code   148  display.o(.text)
    display_current_ratio                    0x0800350b   Thumb Code   188  display.o(.text)
    key_current_ratio                        0x080035c7   Thumb Code   148  display.o(.text)
    display_baudrate                         0x0800365b   Thumb Code   164  display.o(.text)
    key_baudrate                             0x080036ff   Thumb Code   234  display.o(.text)
    display_com_addr                         0x080037e9   Thumb Code   184  display.o(.text)
    key_com_addr                             0x080038a1   Thumb Code   182  display.o(.text)
    display_set_password                     0x08003957   Thumb Code   226  display.o(.text)
    key_set_password                         0x08003a39   Thumb Code   148  display.o(.text)
    display_confirm                          0x08003acd   Thumb Code    86  display.o(.text)
    key_confirm                              0x08003b23   Thumb Code   188  display.o(.text)
    dec_digit                                0x08003bdf   Thumb Code    44  display.o(.text)
    modbus_init                              0x08003c1d   Thumb Code    12  modbus.o(.text)
    modbus_send                              0x08003c29   Thumb Code     2  modbus.o(.text)
    USART1_IRQHandler                        0x08003f25   Thumb Code   106  modbus.o(.text)
    check_alarm2                             0x08003fcd   Thumb Code    94  openio.o(.text)
    check_alarm1                             0x0800402b   Thumb Code    98  openio.o(.text)
    openio_output                            0x0800408d   Thumb Code   124  openio.o(.text)
    openio_init                              0x08004109   Thumb Code    66  openio.o(.text)
    openio_input                             0x0800414b   Thumb Code    32  openio.o(.text)
    TM1629C_Clear                            0x080042e1   Thumb Code    42  tm1629c.o(.text)
    TM1629C_ReadKey                          0x08004341   Thumb Code    44  tm1629c.o(.text)
    TM1629C_Refresh                          0x0800436d   Thumb Code    46  tm1629c.o(.text)
    TM1629C_Init                             0x0800439b   Thumb Code    30  tm1629c.o(.text)
    RCC_Config                               0x080043bd   Thumb Code    86  uart.o(.text)
    NVIC_Configuration                       0x08004413   Thumb Code    32  uart.o(.text)
    Uart_set_tx                              0x08004433   Thumb Code    14  uart.o(.text)
    Uart_set_rx                              0x08004441   Thumb Code    14  uart.o(.text)
    Uart_Init                                0x0800444f   Thumb Code   118  uart.o(.text)
    Uart_Write                               0x080044c5   Thumb Code    64  uart.o(.text)
    GPIO_Configuration                       0x0800450d   Thumb Code    24  adc.o(.text)
    RCC_Configuration                        0x08004525   Thumb Code    30  adc.o(.text)
    ADC1_Configuration                       0x08004543   Thumb Code   188  adc.o(.text)
    DMA_Configuration                        0x080045ff   Thumb Code    68  adc.o(.text)
    ADC_Config                               0x08004643   Thumb Code    36  adc.o(.text)
    complex_add                              0x08004679   Thumb Code    30  my_math.o(.text)
    phasor_to_complex                        0x08004697   Thumb Code   100  my_math.o(.text)
    complex_to_phasor                        0x080046fb   Thumb Code   168  my_math.o(.text)
    phasor_add                               0x080047a3   Thumb Code    48  my_math.o(.text)
    phasor_mult_scalar                       0x080047d3   Thumb Code    24  my_math.o(.text)
    __aeabi_memcpy                           0x080047f5   Thumb Code    36  memcpya.o(.text)
    __aeabi_memcpy4                          0x080047f5   Thumb Code     0  memcpya.o(.text)
    __aeabi_memcpy8                          0x080047f5   Thumb Code     0  memcpya.o(.text)
    __aeabi_memset                           0x08004819   Thumb Code    14  memseta.o(.text)
    __aeabi_memset4                          0x08004819   Thumb Code     0  memseta.o(.text)
    __aeabi_memset8                          0x08004819   Thumb Code     0  memseta.o(.text)
    __aeabi_memclr                           0x08004827   Thumb Code     4  memseta.o(.text)
    __aeabi_memclr4                          0x08004827   Thumb Code     0  memseta.o(.text)
    __aeabi_memclr8                          0x08004827   Thumb Code     0  memseta.o(.text)
    _memset$wrapper                          0x0800482b   Thumb Code    18  memseta.o(.text)
    __aeabi_fadd                             0x0800483d   Thumb Code   164  fadd.o(.text)
    __aeabi_fsub                             0x080048e1   Thumb Code     6  fadd.o(.text)
    __aeabi_frsub                            0x080048e7   Thumb Code     6  fadd.o(.text)
    __aeabi_fmul                             0x080048ed   Thumb Code   108  fmul.o(.text)
    __aeabi_fdiv                             0x08004959   Thumb Code   128  fdiv.o(.text)
    __aeabi_dadd                             0x080049d9   Thumb Code   322  dadd.o(.text)
    __aeabi_dsub                             0x08004b1b   Thumb Code     6  dadd.o(.text)
    __aeabi_drsub                            0x08004b21   Thumb Code     6  dadd.o(.text)
    __aeabi_dmul                             0x08004b27   Thumb Code   228  dmul.o(.text)
    __aeabi_ddiv                             0x08004c0b   Thumb Code   222  ddiv.o(.text)
    __aeabi_i2f                              0x08004ce9   Thumb Code    18  fflti.o(.text)
    __aeabi_ui2f                             0x08004cfb   Thumb Code    10  ffltui.o(.text)
    __aeabi_ul2f                             0x08004d05   Thumb Code    28  ffltul.o(.text)
    __aeabi_i2d                              0x08004d21   Thumb Code    34  dflti.o(.text)
    __aeabi_f2uiz                            0x08004d43   Thumb Code    40  ffixui.o(.text)
    __aeabi_f2d                              0x08004d6b   Thumb Code    38  f2d.o(.text)
    __aeabi_cdrcmple                         0x08004d91   Thumb Code    38  cdrcmple.o(.text)
    __aeabi_d2f                              0x08004db9   Thumb Code    56  d2f.o(.text)
    __aeabi_cfcmpeq                          0x08004df1   Thumb Code     0  cfcmple.o(.text)
    __aeabi_cfcmple                          0x08004df1   Thumb Code    20  cfcmple.o(.text)
    __aeabi_cfrcmple                         0x08004e05   Thumb Code    20  cfrcmple.o(.text)
    __aeabi_llsl                             0x08004e19   Thumb Code    30  llshl.o(.text)
    _ll_shift_l                              0x08004e19   Thumb Code     0  llshl.o(.text)
    __aeabi_lasr                             0x08004e37   Thumb Code    36  llsshr.o(.text)
    _ll_sshift_r                             0x08004e37   Thumb Code     0  llsshr.o(.text)
    __I$use$fp                               0x08004e5b   Thumb Code     0  iusefp.o(.text)
    _float_round                             0x08004e5b   Thumb Code    18  fepilogue.o(.text)
    _float_epilogue                          0x08004e6d   Thumb Code    90  fepilogue.o(.text)
    _double_round                            0x08004ec7   Thumb Code    26  depilogue.o(.text)
    _double_epilogue                         0x08004ee1   Thumb Code   164  depilogue.o(.text)
    __ARM_scalbn                             0x08004f85   Thumb Code    46  dscalb.o(.text)
    scalbn                                   0x08004f85   Thumb Code     0  dscalb.o(.text)
    _dsqrt                                   0x08004fb3   Thumb Code   162  dsqrt.o(.text)
    __scatterload                            0x08005055   Thumb Code    28  init.o(.text)
    __scatterload_rt2                        0x08005055   Thumb Code     0  init.o(.text)
    __aeabi_llsr                             0x08005079   Thumb Code    32  llushr.o(.text)
    _ll_ushift_r                             0x08005079   Thumb Code     0  llushr.o(.text)
    __aeabi_ui2d                             0x08005099   Thumb Code    26  dfltui.o(.text)
    __aeabi_d2iz                             0x080050b3   Thumb Code    62  dfixi.o(.text)
    __decompress                             0x080050f1   Thumb Code     0  __dczerorl2.o(.text)
    __decompress1                            0x080050f1   Thumb Code    92  __dczerorl2.o(.text)
    __ARM_fpclassify                         0x0800514d   Thumb Code    40  fpclassify.o(i.__ARM_fpclassify)
    __ieee754_rem_pio2                       0x08005175   Thumb Code   832  rred.o(i.__ieee754_rem_pio2)
    __kernel_cos                             0x080054fd   Thumb Code   230  cos_i.o(i.__kernel_cos)
    __kernel_poly                            0x080055f9   Thumb Code   170  poly.o(i.__kernel_poly)
    __kernel_sin                             0x080056a5   Thumb Code   224  sin_i.o(i.__kernel_sin)
    __mathlib_dbl_underflow                  0x08005791   Thumb Code    10  dunder.o(i.__mathlib_dbl_underflow)
    __scatterload_copy                       0x080057a1   Thumb Code    14  handlers.o(i.__scatterload_copy)
    __scatterload_null                       0x080057af   Thumb Code     2  handlers.o(i.__scatterload_null)
    __scatterload_zeroinit                   0x080057b1   Thumb Code    14  handlers.o(i.__scatterload_zeroinit)
    __set_errno                              0x080057c1   Thumb Code     6  errno.o(i.__set_errno)
    atan                                     0x080057cd   Thumb Code   478  atan.o(i.atan)
    cos                                      0x080059f1   Thumb Code   164  cos.o(i.cos)
    sin                                      0x08005a9d   Thumb Code   166  sin.o(i.sin)
    sqrt                                     0x08005b4d   Thumb Code    76  sqrt.o(i.sqrt)
    FLASH_NUM                                0x08005b98   Data           2  configs.o(.constdata)
    REG_OFFSET                               0x08005b9a   Data           2  configs.o(.constdata)
    REG_NUM                                  0x08005b9c   Data           2  configs.o(.constdata)
    BAUD_NUM                                 0x08005b9e   Data           1  configs.o(.constdata)
    BAUD_TAB                                 0x08005ba0   Data           8  configs.o(.constdata)
    ADDR_MAX                                 0x08005ba8   Data           2  configs.o(.constdata)
    NUM_TAB                                  0x08005baa   Data          16  display.o(.constdata)
    ADD_DOT                                  0x08005bba   Data           1  display.o(.constdata)
    CHAR_P                                   0x08005bbb   Data           1  display.o(.constdata)
    CHAR_U                                   0x08005bbc   Data           1  display.o(.constdata)
    CHAR_u                                   0x08005bbd   Data           1  display.o(.constdata)
    CHAR_T                                   0x08005bbe   Data           1  display.o(.constdata)
    CHAR_R                                   0x08005bbf   Data           1  display.o(.constdata)
    CHAR_N                                   0x08005bc0   Data           1  display.o(.constdata)
    CHAR_O                                   0x08005bc1   Data           1  display.o(.constdata)
    CHAR_L                                   0x08005bc2   Data           1  display.o(.constdata)
    CHAR_H                                   0x08005bc3   Data           1  display.o(.constdata)
    CHAR_BAR                                 0x08005bc4   Data           1  display.o(.constdata)
    CHAR_n                                   0x08005bc5   Data           1  display.o(.constdata)
    CHAR_l                                   0x08005bc6   Data           1  display.o(.constdata)
    CHAR_Y                                   0x08005bc7   Data           1  display.o(.constdata)
    TYPE_TAB                                 0x08005bc8   Data          14  display.o(.constdata)
    MENU_NUM                                 0x08005bd6   Data           1  display.o(.constdata)
    CONFIRM_INDEX                            0x08005bd7   Data           1  display.o(.constdata)
    TOGGLE_PERIOD                            0x08005bd8   Data           2  display.o(.constdata)
    FUN_CODE_TAB                             0x08005dda   Data           4  modbus.o(.constdata)
    Region$$Table$$Base                      0x08005f98   Number         0  anon$$obj.o(Region$$Table)
    Region$$Table$$Limit                     0x08005fb8   Number         0  anon$$obj.o(Region$$Table)
    time                                     0x20000014   Data           4  main.o(.data)
    SystemCoreClock                          0x20000018   Data           4  system_stm32f10x.o(.data)
    AHBPrescTable                            0x2000001c   Data          16  system_stm32f10x.o(.data)
    volt_conn_type                           0x2000002c   Data           1  configs.o(.data)
    current_conn_type                        0x2000002d   Data           1  configs.o(.data)
    password                                 0x2000002e   Data           2  configs.o(.data)
    password_disp                            0x20000030   Data           2  configs.o(.data)
    show_flag                                0x20000032   Data           1  configs.o(.data)
    volt_ratio                               0x20000034   Data           2  configs.o(.data)
    current_ratio                            0x20000036   Data           2  configs.o(.data)
    baud_index                               0x20000038   Data           1  configs.o(.data)
    com_addr                                 0x2000003a   Data           2  configs.o(.data)
    io_in1                                   0x2000003c   Data           1  configs.o(.data)
    io_in2                                   0x2000003d   Data           1  configs.o(.data)
    io_out1                                  0x2000003e   Data           1  configs.o(.data)
    io_out2                                  0x2000003f   Data           1  configs.o(.data)
    alarm_type1                              0x20000040   Data           1  configs.o(.data)
    alarm_type2                              0x20000041   Data           1  configs.o(.data)
    alarm_AL1                                0x20000042   Data           1  configs.o(.data)
    alarm_AL2                                0x20000043   Data           1  configs.o(.data)
    alarm_value1                             0x20000044   Data           2  configs.o(.data)
    alarm_value2                             0x20000046   Data           2  configs.o(.data)
    voltage_factor                           0x20000048   Data           6  configs.o(.data)
    current_factor                           0x2000004e   Data           6  configs.o(.data)
    KEY_LEFT                                 0x20000058   Data           1  display.o(.data)
    KEY_RIGHT                                0x20000059   Data           1  display.o(.data)
    KEY_SET                                  0x2000005a   Data           1  display.o(.data)
    KEY_ENTER                                0x2000005b   Data           1  display.o(.data)
    menu_index                               0x2000005c   Data           1  display.o(.data)
    menu_switch_flag                         0x2000005d   Data           1  display.o(.data)
    menu_show_measure                        0x20000060   Data          12  display.o(.data)
    menu_code                                0x2000006c   Data          12  display.o(.data)
    menu_conn_type                           0x20000078   Data          12  display.o(.data)
    menu_alarm_type                          0x20000084   Data          12  display.o(.data)
    menu_alarm_value1                        0x20000090   Data          12  display.o(.data)
    menu_alarm_value2                        0x2000009c   Data          12  display.o(.data)
    menu_voltage_ratio                       0x200000a8   Data          12  display.o(.data)
    menu_current_ratio                       0x200000b4   Data          12  display.o(.data)
    menu_baudrate                            0x200000c0   Data          12  display.o(.data)
    menu_com_addr                            0x200000cc   Data          12  display.o(.data)
    menu_set_password                        0x200000d8   Data          12  display.o(.data)
    menu_confirm                             0x200000e4   Data          12  display.o(.data)
    p_menu                                   0x200000f0   Data          48  display.o(.data)
    is_save                                  0x20000121   Data           1  display.o(.data)
    modbus_timer                             0x20000124   Data           2  modbus.o(.data)
    regs                                     0x2000012c   Data         192  configs.o(.bss)
    measured_volts                           0x200001ec   Data          12  configs.o(.bss)
    measured_currents                        0x200001f8   Data          12  configs.o(.bss)
    current_adc                              0x20000208   Data          14  measure.o(.bss)
    last_adc                                 0x20000216   Data          14  measure.o(.bss)
    acc_volts                                0x20000228   Data          24  measure.o(.bss)
    acc_currents                             0x20000240   Data          24  measure.o(.bss)
    disp_buf                                 0x20000258   Data          16  display.o(.bss)
    modbus_rx_buf                            0x20000280   Data          32  modbus.o(.bss)
    modbus_tx_buf                            0x200002a0   Data          64  modbus.o(.bss)
    ADC_Values                               0x200002e0   Data          14  adc.o(.bss)
    __initial_sp                             0x20000ef0   Data           0  startup_stm32f10x_md.o(STACK)



==============================================================================

Memory Map of the image

  Image Entry point : 0x080000ed

  Load Region LR_IROM1 (Base: 0x08000000, Size: 0x000060e4, Max: 0x00010000, ABSOLUTE, COMPRESSED[0x0000605c])

    Execution Region ER_IROM1 (Base: 0x08000000, Size: 0x00005fb8, Max: 0x00010000, ABSOLUTE)

    Base Addr    Size         Type   Attr      Idx    E Section Name        Object

    0x08000000   0x000000ec   Data   RO           19    RESET               startup_stm32f10x_md.o
    0x080000ec   0x00000000   Code   RO          955  * .ARM.Collect$$$$00000000  mc_w.l(entry.o)
    0x080000ec   0x00000004   Code   RO         1016    .ARM.Collect$$$$00000001  mc_w.l(entry2.o)
    0x080000f0   0x00000004   Code   RO         1019    .ARM.Collect$$$$00000004  mc_w.l(entry5.o)
    0x080000f4   0x00000000   Code   RO         1021    .ARM.Collect$$$$00000008  mc_w.l(entry7b.o)
    0x080000f4   0x00000000   Code   RO         1023    .ARM.Collect$$$$0000000A  mc_w.l(entry8b.o)
    0x080000f4   0x00000008   Code   RO         1024    .ARM.Collect$$$$0000000B  mc_w.l(entry9a.o)
    0x080000fc   0x00000000   Code   RO         1026    .ARM.Collect$$$$0000000D  mc_w.l(entry10a.o)
    0x080000fc   0x00000000   Code   RO         1028    .ARM.Collect$$$$0000000F  mc_w.l(entry11a.o)
    0x080000fc   0x00000004   Code   RO         1017    .ARM.Collect$$$$00002712  mc_w.l(entry2.o)
    0x08000100   0x00000024   Code   RO           20    .text               startup_stm32f10x_md.o
    0x08000124   0x000000dc   Code   RO           26    .text               misc.o
    0x08000200   0x0000044e   Code   RO          135    .text               stm32f10x_adc.o
    0x0800064e   0x00000002   PAD
    0x08000650   0x00000250   Code   RO          275    .text               stm32f10x_dma.o
    0x080008a0   0x000005bc   Code   RO          315    .text               stm32f10x_flash.o
    0x08000e5c   0x00000358   Code   RO          355    .text               stm32f10x_gpio.o
    0x080011b4   0x000003a4   Code   RO          435    .text               stm32f10x_rcc.o
    0x08001558   0x00000408   Code   RO          537    .text               stm32f10x_usart.o
    0x08001960   0x000000b4   Code   RO          577    .text               main.o
    0x08001a14   0x00000018   Code   RO          629    .text               stm32f10x_it.o
    0x08001a2c   0x000001dc   Code   RO          652    .text               system_stm32f10x.o
    0x08001c08   0x00000560   Code   RO          678    .text               configs.o
    0x08002168   0x000004e4   Code   RO          706    .text               measure.o
    0x0800264c   0x000015d0   Code   RO          749    .text               display.o
    0x08003c1c   0x000003b0   Code   RO          780    .text               modbus.o
    0x08003fcc   0x000001d4   Code   RO          822    .text               openio.o
    0x080041a0   0x0000021c   Code   RO          842    .text               tm1629c.o
    0x080043bc   0x00000150   Code   RO          862    .text               uart.o
    0x0800450c   0x0000016c   Code   RO          885    .text               adc.o
    0x08004678   0x0000017c   Code   RO          909    .text               my_math.o
    0x080047f4   0x00000024   Code   RO          958    .text               mc_w.l(memcpya.o)
    0x08004818   0x00000024   Code   RO          960    .text               mc_w.l(memseta.o)
    0x0800483c   0x000000b0   Code   RO          964    .text               mf_w.l(fadd.o)
    0x080048ec   0x0000006c   Code   RO          966    .text               mf_w.l(fmul.o)
    0x08004958   0x00000080   Code   RO          968    .text               mf_w.l(fdiv.o)
    0x080049d8   0x0000014e   Code   RO          970    .text               mf_w.l(dadd.o)
    0x08004b26   0x000000e4   Code   RO          972    .text               mf_w.l(dmul.o)
    0x08004c0a   0x000000de   Code   RO          974    .text               mf_w.l(ddiv.o)
    0x08004ce8   0x00000012   Code   RO          976    .text               mf_w.l(fflti.o)
    0x08004cfa   0x0000000a   Code   RO          978    .text               mf_w.l(ffltui.o)
    0x08004d04   0x0000001c   Code   RO          980    .text               mf_w.l(ffltul.o)
    0x08004d20   0x00000022   Code   RO          982    .text               mf_w.l(dflti.o)
    0x08004d42   0x00000028   Code   RO          984    .text               mf_w.l(ffixui.o)
    0x08004d6a   0x00000026   Code   RO          986    .text               mf_w.l(f2d.o)
    0x08004d90   0x00000028   Code   RO          988    .text               mf_w.l(cdrcmple.o)
    0x08004db8   0x00000038   Code   RO          990    .text               mf_w.l(d2f.o)
    0x08004df0   0x00000014   Code   RO          992    .text               mf_w.l(cfcmple.o)
    0x08004e04   0x00000014   Code   RO          994    .text               mf_w.l(cfrcmple.o)
    0x08004e18   0x0000001e   Code   RO         1030    .text               mc_w.l(llshl.o)
    0x08004e36   0x00000024   Code   RO         1032    .text               mc_w.l(llsshr.o)
    0x08004e5a   0x00000000   Code   RO         1041    .text               mc_w.l(iusefp.o)
    0x08004e5a   0x0000006c   Code   RO         1042    .text               mf_w.l(fepilogue.o)
    0x08004ec6   0x000000be   Code   RO         1044    .text               mf_w.l(depilogue.o)
    0x08004f84   0x0000002e   Code   RO         1046    .text               mf_w.l(dscalb.o)
    0x08004fb2   0x000000a2   Code   RO         1048    .text               mf_w.l(dsqrt.o)
    0x08005054   0x00000024   Code   RO         1052    .text               mc_w.l(init.o)
    0x08005078   0x00000020   Code   RO         1054    .text               mc_w.l(llushr.o)
    0x08005098   0x0000001a   Code   RO         1056    .text               mf_w.l(dfltui.o)
    0x080050b2   0x0000003e   Code   RO         1058    .text               mf_w.l(dfixi.o)
    0x080050f0   0x0000005c   Code   RO         1068    .text               mc_w.l(__dczerorl2.o)
    0x0800514c   0x00000028   Code   RO         1001    i.__ARM_fpclassify  m_ws.l(fpclassify.o)
    0x08005174   0x00000388   Code   RO         1005    i.__ieee754_rem_pio2  m_ws.l(rred.o)
    0x080054fc   0x000000fc   Code   RO          996    i.__kernel_cos      m_ws.l(cos_i.o)
    0x080055f8   0x000000aa   Code   RO         1003    i.__kernel_poly     m_ws.l(poly.o)
    0x080056a2   0x00000002   PAD
    0x080056a4   0x000000ec   Code   RO         1010    i.__kernel_sin      m_ws.l(sin_i.o)
    0x08005790   0x00000010   Code   RO          999    i.__mathlib_dbl_underflow  m_ws.l(dunder.o)
    0x080057a0   0x0000000e   Code   RO         1062    i.__scatterload_copy  mc_w.l(handlers.o)
    0x080057ae   0x00000002   Code   RO         1063    i.__scatterload_null  mc_w.l(handlers.o)
    0x080057b0   0x0000000e   Code   RO         1064    i.__scatterload_zeroinit  mc_w.l(handlers.o)
    0x080057be   0x00000002   PAD
    0x080057c0   0x0000000c   Code   RO         1036    i.__set_errno       mc_w.l(errno.o)
    0x080057cc   0x00000224   Code   RO          922    i.atan              m_ws.l(atan.o)
    0x080059f0   0x000000ac   Code   RO          932    i.cos               m_ws.l(cos.o)
    0x08005a9c   0x000000b0   Code   RO          940    i.sin               m_ws.l(sin.o)
    0x08005b4c   0x0000004c   Code   RO          948    i.sqrt              m_ws.l(sqrt.o)
    0x08005b98   0x00000012   Data   RO          680    .constdata          configs.o
    0x08005baa   0x00000030   Data   RO          751    .constdata          display.o
    0x08005bda   0x00000204   Data   RO          782    .constdata          modbus.o
    0x08005dde   0x00000002   PAD
    0x08005de0   0x00000098   Data   RO          923    .constdata          m_ws.l(atan.o)
    0x08005e78   0x00000030   Data   RO          997    .constdata          m_ws.l(cos_i.o)
    0x08005ea8   0x000000c8   Data   RO         1007    .constdata          m_ws.l(rred.o)
    0x08005f70   0x00000028   Data   RO         1011    .constdata          m_ws.l(sin_i.o)
    0x08005f98   0x00000020   Data   RO         1060    Region$$Table       anon$$obj.o


    Execution Region RW_IRAM1 (Base: 0x20000000, Size: 0x00000ef0, Max: 0x00005000, ABSOLUTE, COMPRESSED[0x000000a4])

    Base Addr    Size         Type   Attr      Idx    E Section Name        Object

    0x20000000   0x00000014   Data   RW          436    .data               stm32f10x_rcc.o
    0x20000014   0x00000004   Data   RW          578    .data               main.o
    0x20000018   0x00000014   Data   RW          653    .data               system_stm32f10x.o
    0x2000002c   0x00000028   Data   RW          681    .data               configs.o
    0x20000054   0x00000004   Data   RW          709    .data               measure.o
    0x20000058   0x000000ca   Data   RW          752    .data               display.o
    0x20000122   0x00000004   Data   RW          783    .data               modbus.o
    0x20000126   0x00000002   PAD
    0x20000128   0x00000004   Data   RW         1037    .data               mc_w.l(errno.o)
    0x2000012c   0x000000d8   Zero   RW          679    .bss                configs.o
    0x20000204   0x00000004   PAD
    0x20000208   0x00000050   Zero   RW          707    .bss                measure.o
    0x20000258   0x00000028   Zero   RW          750    .bss                display.o
    0x20000280   0x00000060   Zero   RW          781    .bss                modbus.o
    0x200002e0   0x0000000e   Zero   RW          886    .bss                adc.o
    0x200002ee   0x00000002   PAD
    0x200002f0   0x00000c00   Zero   RW           17    STACK               startup_stm32f10x_md.o


==============================================================================

Image component sizes


      Code (inc. data)   RO Data    RW Data    ZI Data      Debug   Object Name

       364         18          0          0         14       1636   adc.o
      1376        142         18         40        216       4346   configs.o
         0          0          0          0          0       4244   core_cm3.o
      5584        326         48        202         40      12753   display.o
       180         20          0          4          0      22925   main.o
      1252        144          0          4         80       3073   measure.o
       220         20          0          0          0     253121   misc.o
       944         62        516          4         96       3328   modbus.o
       380         10          0          0          0       1796   my_math.o
       468         54          0          0          0       1327   openio.o
        36          8        236          0       3072        748   startup_stm32f10x_md.o
      1102         26          0          0          0      10693   stm32f10x_adc.o
       592          8          0          0          0       4190   stm32f10x_dma.o
      1468         34          0          0          0       7894   stm32f10x_flash.o
       856         40          0          0          0       5509   stm32f10x_gpio.o
        24          0          0          0          0       1074   stm32f10x_it.o
       932         44          0         20          0       8632   stm32f10x_rcc.o
      1032         22          0          0          0       8232   stm32f10x_usart.o
       476         36          0         20          0       1703   system_stm32f10x.o
       540          4          0          0          0       3077   tm1629c.o
       336          8          0          0          0       1677   uart.o

    ----------------------------------------------------------------------
     18164       1026        852        296       3524     361978   Object Totals
         0          0         32          0          0          0   (incl. Generated)
         2          0          2          2          6          0   (incl. Padding)

    ----------------------------------------------------------------------

      Code (inc. data)   RO Data    RW Data    ZI Data      Debug   Library Member Name

       548         70        152          0          0        124   atan.o
       172          8          0          0          0        112   cos.o
       252         22         48          0          0        124   cos_i.o
        16          6          0          0          0         68   dunder.o
        40          0          0          0          0         68   fpclassify.o
       170          0          0          0          0         96   poly.o
       904         72        200          0          0        140   rred.o
       176         10          0          0          0        116   sin.o
       236         12         40          0          0        128   sin_i.o
        76          0          0          0          0         84   sqrt.o
        92          0          0          0          0          0   __dczerorl2.o
         0          0          0          0          0          0   entry.o
         0          0          0          0          0          0   entry10a.o
         0          0          0          0          0          0   entry11a.o
         8          4          0          0          0          0   entry2.o
         4          0          0          0          0          0   entry5.o
         0          0          0          0          0          0   entry7b.o
         0          0          0          0          0          0   entry8b.o
         8          4          0          0          0          0   entry9a.o
        12          6          0          4          0         68   errno.o
        30          0          0          0          0          0   handlers.o
        36          8          0          0          0         68   init.o
         0          0          0          0          0          0   iusefp.o
        30          0          0          0          0         68   llshl.o
        36          0          0          0          0         68   llsshr.o
        32          0          0          0          0         68   llushr.o
        36          0          0          0          0         68   memcpya.o
        36          0          0          0          0        108   memseta.o
        40          2          0          0          0         68   cdrcmple.o
        20          0          0          0          0         68   cfcmple.o
        20          0          0          0          0         68   cfrcmple.o
        56          0          0          0          0         88   d2f.o
       334          0          0          0          0        148   dadd.o
       222          0          0          0          0        100   ddiv.o
       190          0          0          0          0        176   depilogue.o
        62          0          0          0          0         80   dfixi.o
        34          0          0          0          0         76   dflti.o
        26          0          0          0          0         76   dfltui.o
       228          0          0          0          0         96   dmul.o
        46          0          0          0          0         80   dscalb.o
       162          0          0          0          0        100   dsqrt.o
        38          0          0          0          0         68   f2d.o
       176          0          0          0          0        140   fadd.o
       128          0          0          0          0         88   fdiv.o
       108          0          0          0          0        168   fepilogue.o
        40          0          0          0          0         68   ffixui.o
        18          0          0          0          0         68   fflti.o
        10          0          0          0          0         68   ffltui.o
        28          0          0          0          0         84   ffltul.o
       108          0          0          0          0         76   fmul.o

    ----------------------------------------------------------------------
      5048        224        440          4          0       3628   Library Totals
         4          0          0          0          0          0   (incl. Padding)

    ----------------------------------------------------------------------

      Code (inc. data)   RO Data    RW Data    ZI Data      Debug   Library Name

      2590        200        440          0          0       1060   m_ws.l
       360         22          0          4          0        516   mc_w.l
      2094          2          0          0          0       2052   mf_w.l

    ----------------------------------------------------------------------
      5048        224        440          4          0       3628   Library Totals

    ----------------------------------------------------------------------

==============================================================================


      Code (inc. data)   RO Data    RW Data    ZI Data      Debug   

     23212       1250       1292        300       3524     362018   Grand Totals
     23212       1250       1292        164       3524     362018   ELF Image Totals (compressed)
     23212       1250       1292        164          0          0   ROM Totals

==============================================================================

    Total RO  Size (Code + RO Data)                24504 (  23.93kB)
    Total RW  Size (RW Data + ZI Data)              3824 (   3.73kB)
    Total ROM Size (Code + RO Data + RW Data)      24668 (  24.09kB)

==============================================================================

